begin;
    -- No issues
    select * from lint."0004_no_primary_key";
 name | level | facing | description | detail | remediation | metadata | cache_key 
------+-------+--------+-------------+--------+-------------+----------+-----------
(0 rows)

    -- Table with a primary key
    create table public.foo (
        id int primary key
    );
    -- Table with a primary key
    create table public.bar (
        id int
    );
    -- Only the "bar" table is listed
    select * from lint."0004_no_primary_key";
      name      | level |  facing  |                                                        description                                                         |                      detail                      |                                    remediation                                     |                       metadata                       |         cache_key         
----------------+-------+----------+----------------------------------------------------------------------------------------------------------------------------+--------------------------------------------------+------------------------------------------------------------------------------------+------------------------------------------------------+---------------------------
 no_primary_key | INFO  | EXTERNAL | Detects if a table does not have a primary key. Tables without a primary key can be inefficient to interact with at scale. | Table \`public.bar\` does not have a primary key | https://supabase.com/docs/guides/database/database-linter?lint=0004_no_primary_key | {"name": "bar", "type": "table", "schema": "public"} | no_primary_key_public_bar
(1 row)

rollback;
