begin;
  -- 0 issues
  select * from lint."0011_function_search_path_mutable";
 name | level | facing | description | detail | remediation | metadata | cache_key 
------+-------+--------+-------------+--------+-------------+----------+-----------
(0 rows)

  create or replace function abc()
    returns int
	language sql
  as $$
	select 1;
  $$;
  -- 1 issue
  select * from lint."0011_function_search_path_mutable";
             name             | level |  facing  |                                                  description                                                   |                         detail                         |                                           remediation                                            |                        metadata                         |                                cache_key                                 
------------------------------+-------+----------+----------------------------------------------------------------------------------------------------------------+--------------------------------------------------------+--------------------------------------------------------------------------------------------------+---------------------------------------------------------+--------------------------------------------------------------------------
 function_search_path_mutable | WARN  | EXTERNAL | Detects functions with a mutable search_path parameter which could fail to execute sucessfully for some roles. | Function \`public.abc\` has a role mutable search_path | https://supabase.com/docs/guides/database/database-linter?lint=0011_function_search_path_mutable | {"name": "abc", "type": "function", "schema": "public"} | function_search_path_mutable_public_abc_d859abc2e564f01aec8fe94638390925
(1 row)

  -- Replace function and set search_path
  create or replace function abc()
    returns int
	set search_path=''
	language sql
  as $$
	select 1;
  $$;
  -- 1 issue
  select * from lint."0011_function_search_path_mutable";
 name | level | facing | description | detail | remediation | metadata | cache_key 
------+-------+--------+-------------+--------+-------------+----------+-----------
(0 rows)

rollback;
